[    0.000000] Linux version 4.15.0-212-generic (buildd@lcy02-amd64-083) (gcc version 7.5.0 (Ubuntu 7.5.0-3ubuntu1~18.04)) #223-Ubuntu SMP Tue May 23 13:09:22 UTC 2023 (Ubuntu 4.15.0-212.223-generic 4.15.18)
[    0.000000] Command line: BOOT_IMAGE=/boot/vmlinuz-4.15.0-212-generic root=LABEL=cloudimg-rootfs ro console=tty1 console=ttyS0
[    0.000000] KERNEL supported cpus:
[    0.000000]   Intel GenuineIntel
[    0.000000]   AMD AuthenticAMD
[    0.000000]   Centaur CentaurHauls
[    0.000000] x86/fpu: x87 FPU will use FXSAVE
[    0.000000] e820: BIOS-provided physical RAM map:
[    0.000000] BIOS-e820: [mem 0x0000000000000000-0x000000000009fbff] usable
[    0.000000] BIOS-e820: [mem 0x000000000009fc00-0x000000000009ffff] reserved
[    0.000000] BIOS-e820: [mem 0x00000000000f0000-0x00000000000fffff] reserved
[    0.000000] BIOS-e820: [mem 0x0000000000100000-0x000000003ffeffff] usable
[    0.000000] BIOS-e820: [mem 0x000000003fff0000-0x000000003fffffff] ACPI data
[    0.000000] BIOS-e820: [mem 0x00000000fec00000-0x00000000fec00fff] reserved
[    0.000000] BIOS-e820: [mem 0x00000000fee00000-0x00000000fee00fff] reserved
[    0.000000] BIOS-e820: [mem 0x00000000fffc0000-0x00000000ffffffff] reserved
[    0.000000] NX (Execute Disable) protection: active
[    0.000000] SMBIOS 2.5 present.
[    0.000000] DMI: innotek GmbH VirtualBox/VirtualBox, BIOS VirtualBox 12/01/2006
[    0.000000] Hypervisor detected: KVM
[    0.000000] e820: last_pfn = 0x3fff0 max_arch_pfn = 0x400000000
[    0.000000] x86/PAT: Configuration [0-7]: WB  WC  UC- UC  WB  WP  UC- WT  
[    0.000000] CPU MTRRs all blank - virtualized system.
[    0.000000] found SMP MP-table at [mem 0x0009fbf0-0x0009fbff]
[    0.000000] Scanning 1 areas for low memory corruption
[    0.000000] RAMDISK: [mem 0x359cb000-0x36cdcfff]
[    0.000000] ACPI: Early table checksum verification disabled
[    0.000000] ACPI: RSDP 0x00000000000E0000 000024 (v02 VBOX  )
[    0.000000] ACPI: XSDT 0x000000003FFF0030 00003C (v01 VBOX   VBOXXSDT 00000001 ASL  00000061)
[    0.000000] ACPI: FACP 0x000000003FFF00F0 0000F4 (v04 VBOX   VBOXFACP 00000001 ASL  00000061)
[    0.000000] ACPI: DSDT 0x000000003FFF0610 002353 (v02 VBOX   VBOXBIOS 00000002 INTL 20100528)
[    0.000000] ACPI: FACS 0x000000003FFF0200 000040
[    0.000000] ACPI: FACS 0x000000003FFF0200 000040
[    0.000000] ACPI: APIC 0x000000003FFF0240 00005C (v02 VBOX   VBOXAPIC 00000001 ASL  00000061)
[    0.000000] ACPI: SSDT 0x000000003FFF02A0 00036C (v01 VBOX   VBOXCPUT 00000002 INTL 20100528)
[    0.000000] ACPI: Reserving FACP table memory at [mem 0x3fff00f0-0x3fff01e3]
[    0.000000] ACPI: Reserving DSDT table memory at [mem 0x3fff0610-0x3fff2962]
[    0.000000] ACPI: Reserving FACS table memory at [mem 0x3fff0200-0x3fff023f]
[    0.000000] ACPI: Reserving FACS table memory at [mem 0x3fff0200-0x3fff023f]
[    0.000000] ACPI: Reserving APIC table memory at [mem 0x3fff0240-0x3fff029b]
[    0.000000] ACPI: Reserving SSDT table memory at [mem 0x3fff02a0-0x3fff060b]
[    0.000000] No NUMA configuration found
[    0.000000] Faking a node at [mem 0x0000000000000000-0x000000003ffeffff]
[    0.000000] NODE_DATA(0) allocated [mem 0x3ffc5000-0x3ffeffff]
[    0.000000] kvm-clock: cpu 0, msr 0:3ff44001, primary cpu clock
[    0.000000] kvm-clock: Using msrs 4b564d01 and 4b564d00
[    0.000000] kvm-clock: using sched offset of 3411558634 cycles
[    0.000000] clocksource: kvm-clock: mask: 0xffffffffffffffff max_cycles: 0x1cd42e4dffb, max_idle_ns: 881590591483 ns
[    0.000000] Zone ranges:
[    0.000000]   DMA      [mem 0x0000000000001000-0x0000000000ffffff]
[    0.000000]   DMA32    [mem 0x0000000001000000-0x000000003ffeffff]
[    0.000000]   Normal   empty
[    0.000000]   Device   empty
[    0.000000] Movable zone start for each node
[    0.000000] Early memory node ranges
[    0.000000]   node   0: [mem 0x0000000000001000-0x000000000009efff]
[    0.000000]   node   0: [mem 0x0000000000100000-0x000000003ffeffff]
[    0.000000] Reserved but unavailable: 104 pages
[    0.000000] Initmem setup node 0 [mem 0x0000000000001000-0x000000003ffeffff]
[    0.000000] ACPI: PM-Timer IO Port: 0x4008
[    0.000000] IOAPIC[0]: apic_id 2, version 32, address 0xfec00000, GSI 0-23
[    0.000000] ACPI: INT_SRC_OVR (bus 0 bus_irq 0 global_irq 2 dfl dfl)
[    0.000000] ACPI: INT_SRC_OVR (bus 0 bus_irq 9 global_irq 9 low level)
[    0.000000] Using ACPI (MADT) for SMP configuration information
[    0.000000] smpboot: Allowing 2 CPUs, 0 hotplug CPUs
[    0.000000] PM: Registered nosave memory: [mem 0x00000000-0x00000fff]
[    0.000000] PM: Registered nosave memory: [mem 0x0009f000-0x0009ffff]
[    0.000000] PM: Registered nosave memory: [mem 0x000a0000-0x000effff]
[    0.000000] PM: Registered nosave memory: [mem 0x000f0000-0x000fffff]
[    0.000000] e820: [mem 0x40000000-0xfebfffff] available for PCI devices
[    0.000000] Booting paravirtualized kernel on KVM
[    0.000000] clocksource: refined-jiffies: mask: 0xffffffff max_cycles: 0xffffffff, max_idle_ns: 7645519600211568 ns
[    0.000000] setup_percpu: NR_CPUS:8192 nr_cpumask_bits:2 nr_cpu_ids:2 nr_node_ids:1
[    0.000000] percpu: Embedded 50 pages/cpu s167936 r8192 d28672 u1048576
[    0.000000] PV qspinlock hash table entries: 256 (order: 0, 4096 bytes)
[    0.000000] Built 1 zonelists, mobility grouping on.  Total pages: 257913
[    0.000000] Policy zone: DMA32
[    0.000000] Kernel command line: BOOT_IMAGE=/boot/vmlinuz-4.15.0-212-generic root=LABEL=cloudimg-rootfs ro console=tty1 console=ttyS0
[    0.000000] Memory: 982644K/1048120K available (12300K kernel code, 2477K rwdata, 4324K rodata, 2480K init, 2720K bss, 65476K reserved, 0K cma-reserved)
[    0.000000] SLUB: HWalign=64, Order=0-3, MinObjects=0, CPUs=2, Nodes=1
[    0.000000] ftrace: allocating 39508 entries in 155 pages
[    0.004000] Hierarchical RCU implementation.
[    0.004000] 	RCU restricting CPUs from NR_CPUS=8192 to nr_cpu_ids=2.
[    0.004000] 	Tasks RCU enabled.
[    0.004000] RCU: Adjusting geometry for rcu_fanout_leaf=16, nr_cpu_ids=2
[    0.004000] NR_IRQS: 524544, nr_irqs: 440, preallocated irqs: 16
[    0.004000] random: crng init done
[    0.004000] Console: colour VGA+ 80x25
[    0.004000] console [tty1] enabled
[    0.004000] console [ttyS0] enabled
[    0.004000] ACPI: Core revision 20170831
[    0.004000] ACPI: 2 ACPI AML tables successfully acquired and loaded
[    0.004000] APIC: Switch to symmetric I/O mode setup
[    0.004000] ..TIMER: vector=0x30 apic1=0 pin1=2 apic2=-1 pin2=-1
[    0.004004] tsc: Detected 2112.000 MHz processor
[    0.008009] Calibrating delay loop (skipped) preset value.. 4224.00 BogoMIPS (lpj=8448000)
[    0.012002] pid_max: default: 32768 minimum: 301
[    0.013848] Security Framework initialized
[    0.016005] Yama: becoming mindful.
[    0.017582] AppArmor: AppArmor initialized
[    0.021481] Dentry cache hash table entries: 131072 (order: 8, 1048576 bytes)
[    0.024735] Inode-cache hash table entries: 65536 (order: 7, 524288 bytes)
[    0.028035] Mount-cache hash table entries: 2048 (order: 2, 16384 bytes)
[    0.030596] Mountpoint-cache hash table entries: 2048 (order: 2, 16384 bytes)
[    0.032983] Last level iTLB entries: 4KB 0, 2MB 0, 4MB 0
[    0.036002] Last level dTLB entries: 4KB 0, 2MB 0, 4MB 0, 1GB 0
[    0.038918] Spectre V1 : Mitigation: usercopy/swapgs barriers and __user pointer sanitization
[    0.040002] Spectre V2 : Mitigation: Enhanced IBRS
[    0.044001] Spectre V2 : Spectre v2 / SpectreRSB mitigation: Filling RSB on context switch
[    0.048002] Spectre V2 : Spectre v2 / PBRSB-eIBRS: Retire a single CALL on VMEXIT
[    0.052001] RETBleed: Mitigation: Enhanced IBRS
[    0.054075] Speculative Store Bypass: Vulnerable
[    0.056144] Freeing SMP alternatives memory: 36K
[    0.170156] smpboot: CPU0: 12th Gen Intel(R) Core(TM) i5-1240P (family: 0x6, model: 0x9a, stepping: 0x3)
[    0.172000] Performance Events: unsupported p6 CPU model 154 no PMU driver, software events only.
[    0.172047] Hierarchical SRCU implementation.
[    0.176257] NMI watchdog: Perf event create on CPU 0 failed with -2
[    0.178950] NMI watchdog: Perf NMI watchdog permanently disabled
[    0.180117] smp: Bringing up secondary CPUs ...
[    0.184365] x86: Booting SMP configuration:
[    0.186964] .... node  #0, CPUs:      #1
[    0.004000] kvm-clock: cpu 1, msr 0:3ff44041, secondary cpu clock
[    0.195402] TSC synchronization [CPU#0 -> CPU#1]:
[    0.196000] Measured 53911 cycles TSC warp between CPUs, turning off TSC clock.
[    0.196000] tsc: Marking TSC unstable due to check_tsc_sync_source failed
[    0.200053] smp: Brought up 1 node, 2 CPUs
[    0.204018] smpboot: Max logical packages: 1
[    0.205705] smpboot: Total of 2 processors activated (8448.00 BogoMIPS)
[    0.208317] devtmpfs: initialized
[    0.209351] x86/mm: Memory block size: 128MB
[    0.212164] evm: security.selinux
[    0.213414] evm: security.SMACK64
[    0.214798] evm: security.SMACK64EXEC
[    0.216002] evm: security.SMACK64TRANSMUTE
[    0.217811] evm: security.SMACK64MMAP
[    0.219679] evm: security.apparmor
[    0.220002] evm: security.ima
[    0.222527] evm: security.capability
[    0.224173] clocksource: jiffies: mask: 0xffffffff max_cycles: 0xffffffff, max_idle_ns: 7645041785100000 ns
[    0.228005] futex hash table entries: 512 (order: 3, 32768 bytes)
[    0.230343] pinctrl core: initialized pinctrl subsystem
[    0.232095] RTC time: 16:53:52, date: 11/24/24
[    0.234385] NET: Registered protocol family 16
[    0.236057] audit: initializing netlink subsys (disabled)
[    0.238694] audit: type=2000 audit(1732467238.066:1): state=initialized audit_enabled=0 res=1
[    0.244005] cpuidle: using governor ladder
[    0.245634] cpuidle: using governor menu
[    0.248049] ACPI: bus type PCI registered
[    0.249729] acpiphp: ACPI Hot Plug PCI Controller Driver version: 0.5
[    0.252000] PCI: Using configuration type 1 for base access
[    0.256101] HugeTLB registered 2.00 MiB page size, pre-allocated 0 pages
[    0.260231] ACPI: Added _OSI(Module Device)
[    0.261611] ACPI: Added _OSI(Processor Device)
[    0.264005] ACPI: Added _OSI(3.0 _SCP Extensions)
[    0.266062] ACPI: Added _OSI(Processor Aggregator Device)
[    0.268000] ACPI: Added _OSI(Linux-Dell-Video)
[    0.268001] ACPI: Added _OSI(Linux-Lenovo-NV-HDMI-Audio)
[    0.270217] ACPI: Added _OSI(Linux-HPI-Hybrid-Graphics)
[    0.272395] ACPI: Executed 1 blocks of module-level executable AML code
[    0.277468] ACPI: Interpreter enabled
[    0.278859] ACPI: (supports S0 S5)
[    0.280002] ACPI: Using IOAPIC for interrupt routing
[    0.282142] PCI: Using host bridge windows from ACPI; if necessary, use "pci=nocrs" and report a bug
[    0.284179] ACPI: Enabled 2 GPEs in block 00 to 07
[    0.291512] ACPI: PCI Root Bridge [PCI0] (domain 0000 [bus 00-ff])
[    0.292005] acpi PNP0A03:00: _OSC: OS supports [ASPM ClockPM Segments MSI]
[    0.295096] acpi PNP0A03:00: _OSC: not requesting OS control; OS requires [ExtendedConfig ASPM ClockPM MSI]
[    0.296008] acpi PNP0A03:00: fail to add MMCONFIG information, can't access extended PCI configuration space under this bridge.
[    0.300356] PCI host bridge to bus 0000:00
[    0.301906] pci_bus 0000:00: root bus resource [io  0x0000-0x0cf7 window]
[    0.304002] pci_bus 0000:00: root bus resource [io  0x0d00-0xffff window]
[    0.306394] pci_bus 0000:00: root bus resource [mem 0x000a0000-0x000bffff window]
[    0.308003] pci_bus 0000:00: root bus resource [mem 0x40000000-0xfdffffff window]
[    0.312002] pci_bus 0000:00: root bus resource [bus 00-ff]
[    0.316812] pci 0000:00:01.1: legacy IDE quirk: reg 0x10: [io  0x01f0-0x01f7]
[    0.319527] pci 0000:00:01.1: legacy IDE quirk: reg 0x14: [io  0x03f6]
[    0.320001] pci 0000:00:01.1: legacy IDE quirk: reg 0x18: [io  0x0170-0x0177]
[    0.322470] pci 0000:00:01.1: legacy IDE quirk: reg 0x1c: [io  0x0376]
[    0.333837] pci 0000:00:07.0: quirk: [io  0x4000-0x403f] claimed by PIIX4 ACPI
[    0.336000] pci 0000:00:07.0: quirk: [io  0x4100-0x410f] claimed by PIIX4 SMB
[    0.342115] ACPI: PCI Interrupt Link [LNKA] (IRQs 5 9 10 *11)
[    0.344000] ACPI: PCI Interrupt Link [LNKB] (IRQs 5 9 *10 11)
[    0.344100] ACPI: PCI Interrupt Link [LNKC] (IRQs 5 *9 10 11)
[    0.348096] ACPI: PCI Interrupt Link [LNKD] (IRQs 5 9 10 *11)
[    0.350521] SCSI subsystem initialized
[    0.352106] pci 0000:00:02.0: vgaarb: setting as boot VGA device
[    0.354186] pci 0000:00:02.0: vgaarb: VGA device added: decodes=io+mem,owns=io+mem,locks=none
[    0.356006] pci 0000:00:02.0: vgaarb: bridge control possible
[    0.358072] vgaarb: loaded
[    0.360040] ACPI: bus type USB registered
[    0.361681] usbcore: registered new interface driver usbfs
[    0.363663] usbcore: registered new interface driver hub
[    0.364005] usbcore: registered new device driver usb
[    0.366077] EDAC MC: Ver: 3.0.0
[    0.368416] PCI: Using ACPI for IRQ routing
[    0.369949] NetLabel: Initializing
[    0.372002] NetLabel:  domain hash size = 128
[    0.373684] NetLabel:  protocols = UNLABELED CIPSOv4 CALIPSO
[    0.376012] NetLabel:  unlabeled traffic allowed by default
[    0.378187] clocksource: Switched to clocksource kvm-clock
[    0.382061] VFS: Disk quotas dquot_6.6.0
[    0.382061] VFS: Dquot-cache hash table entries: 512 (order 0, 4096 bytes)
[    0.382061] AppArmor: AppArmor Filesystem Enabled
[    0.382061] pnp: PnP ACPI init
[    0.382061] pnp: PnP ACPI: found 3 devices
[    0.423943] clocksource: acpi_pm: mask: 0xffffff max_cycles: 0xffffff, max_idle_ns: 2085701024 ns
[    0.424378] NET: Registered protocol family 2
[    0.424378] IP idents hash table entries: 16384 (order: 5, 131072 bytes)
[    0.424378] TCP established hash table entries: 8192 (order: 4, 65536 bytes)
[    0.436084] TCP bind hash table entries: 8192 (order: 5, 131072 bytes)
[    0.438505] TCP: Hash tables configured (established 8192 bind 8192)
[    0.440956] UDP hash table entries: 512 (order: 2, 16384 bytes)
[    0.443099] UDP-Lite hash table entries: 512 (order: 2, 16384 bytes)
[    0.444742] NET: Registered protocol family 1
[    0.444742] pci 0000:00:00.0: Limiting direct PCI/PCI transfers
[    0.444742] pci 0000:00:01.0: Activating ISA DMA hang workarounds
[    0.444742] pci 0000:00:02.0: Video device with shadowed ROM at [mem 0x000c0000-0x000dffff]
[    0.444742] Unpacking initramfs...
[    0.444742] Freeing initrd memory: 19528K
[    0.444742] clocksource: tsc: mask: 0xffffffffffffffff max_cycles: 0x1e71785e5dd, max_idle_ns: 440795244814 ns
[    0.444742] platform rtc_cmos: registered platform RTC device (no PNP device found)
[    0.444742] Scanning for low memory corruption every 60 seconds
[    0.734309] Initialise system trusted keyrings
[    0.736381] Key type blacklist registered
[    0.738652] workingset: timestamp_bits=36 max_order=18 bucket_order=0
[    0.742877] zbud: loaded
[    0.744723] squashfs: version 4.0 (2009/01/31) Phillip Lougher
[    0.749004] fuse init (API version 7.26)
[    0.769270] Key type asymmetric registered
[    0.771314] Asymmetric key parser 'x509' registered
[    0.773875] Block layer SCSI generic (bsg) driver version 0.4 loaded (major 246)
[    0.777028] io scheduler noop registered
[    0.778691] io scheduler deadline registered
[    0.780396] io scheduler cfq registered (default)
[    0.783902] ACPI: AC Adapter [AC] (on-line)
[    0.786075] input: Power Button as /devices/LNXSYSTM:00/LNXPWRBN:00/input/input0
[    0.788964] ACPI: Power Button [PWRF]
[    0.790505] input: Sleep Button as /devices/LNXSYSTM:00/LNXSLPBN:00/input/input1
[    0.793565] ACPI: Sleep Button [SLPF]
[    0.795834] Serial: 8250/16550 driver, 32 ports, IRQ sharing enabled
[    0.796716] ACPI: Battery Slot [BAT0] (battery present)
[    0.828992] 00:02: ttyS0 at I/O 0x3f8 (irq = 4, base_baud = 115200) is a 16550A
[    0.839398] Linux agpgart interface v0.103
[    0.845081] loop: module loaded
[    0.847349] scsi host0: ata_piix
[    0.849254] scsi host1: ata_piix
[    0.850682] ata1: PATA max UDMA/33 cmd 0x1f0 ctl 0x3f6 bmdma 0xd000 irq 14
[    0.853462] ata2: PATA max UDMA/33 cmd 0x170 ctl 0x376 bmdma 0xd008 irq 15
[    0.856182] tun: Universal TUN/TAP device driver, 1.6
[    0.858786] PPP generic driver version 2.4.2
[    0.860908] ehci_hcd: USB 2.0 'Enhanced' Host Controller (EHCI) Driver
[    0.863236] ehci-pci: EHCI PCI platform driver
[    0.865030] ehci-platform: EHCI generic platform driver
[    0.866951] ohci_hcd: USB 1.1 'Open' Host Controller (OHCI) Driver
[    0.869436] ohci-pci: OHCI PCI platform driver
[    0.871270] ohci-platform: OHCI generic platform driver
[    0.873438] uhci_hcd: USB Universal Host Controller Interface driver
[    0.875816] i8042: PNP: PS/2 Controller [PNP0303:PS2K,PNP0f03:PS2M] at 0x60,0x64 irq 1,12
[    0.880528] serio: i8042 KBD port at 0x60,0x64 irq 1
[    0.882589] serio: i8042 AUX port at 0x60,0x64 irq 12
[    0.885675] mousedev: PS/2 mouse device common for all mice
[    0.889729] rtc_cmos rtc_cmos: rtc core: registered rtc_cmos as rtc0
[    0.892836] input: AT Translated Set 2 keyboard as /devices/platform/i8042/serio0/input/input2
[    0.896283] rtc_cmos rtc_cmos: alarms up to one day, 114 bytes nvram
[    0.899429] i2c /dev entries driver
[    0.901573] device-mapper: uevent: version 1.0.3
[    0.903629] device-mapper: ioctl: 4.37.0-ioctl (2017-09-20) initialised: dm-devel@redhat.com
[    0.907230] ledtrig-cpu: registered to indicate activity on CPUs
[    0.910687] NET: Registered protocol family 10
[    0.917263] Segment Routing with IPv6
[    0.918608] NET: Registered protocol family 17
[    0.920519] Key type dns_resolver registered
[    0.922705] mce: Using 0 MCE banks
[    0.923995] RAS: Correctable Errors collector initialized.
[    0.926308] sched_clock: Marking stable (926264503, 0)->(1235655080, -309390577)
[    0.930637] registered taskstats version 1
[    0.932127] Loading compiled-in X.509 certificates
[    0.938635] Loaded X.509 cert 'Build time autogenerated kernel key: b5b26778eaa3ab3a4a6cee031137706e947d12ad'
[    0.943640] Loaded X.509 cert 'Canonical Ltd. Live Patch Signing: 14df34d1a87cf37625abec039ef2bf521249b969'
[    0.948436] Loaded X.509 cert 'Canonical Ltd. Kernel Module Signing: 88f752e560a1e0737e31163a466ad7b70a850c19'
[    0.953034] blacklist: Loading compiled-in revocation X.509 certificates
[    0.955666] Loaded X.509 cert 'Canonical Ltd. Secure Boot Signing: 61482aa2830d0ab2ad5af10b7250da9033ddcef0'
[    0.960212] Loaded X.509 cert 'Canonical Ltd. Secure Boot Signing (2017): 242ade75ac4a15e50d50c84b0d45ff3eae707a03'
[    0.964653] Loaded X.509 cert 'Canonical Ltd. Secure Boot Signing (ESM 2018): 365188c1d374d6b07c3c8f240f8ef722433d6a8b'
[    0.971639] Loaded X.509 cert 'Canonical Ltd. Secure Boot Signing (2019): c0746fd6c5da3ae827864651ad66ae47fe24b3e8'
[    0.976332] Loaded X.509 cert 'Canonical Ltd. Secure Boot Signing (2021 v1): a8d54bbb3825cfb94fa13c9f8a594a195c107b8d'
[    0.981140] Loaded X.509 cert 'Canonical Ltd. Secure Boot Signing (2021 v2): 4cf046892d6fd3c9a5b03f98d845f90851dc6a8c'
[    0.986222] Loaded X.509 cert 'Canonical Ltd. Secure Boot Signing (2021 v3): 100437bb6de6e469b581e61cd66bce3ef4ed53af'
[    0.991253] Loaded X.509 cert 'Canonical Ltd. Secure Boot Signing (Ubuntu Core 2019): c1d57b8f6b743f23ee41f4f7ee292f06eecadfb9'
[    0.996527] zswap: loaded using pool lzo/zbud
[    1.007440] Key type big_key registered
[    1.009713] Key type trusted registered
[    1.015504] Key type encrypted registered
[    1.018598] AppArmor: AppArmor sha1 policy hashing enabled
[    1.021698] ima: No TPM chip found, activating TPM-bypass! (rc=-19)
[    1.025295] ima: Allocated hash algorithm: sha1
[    1.027725] evm: HMAC attrs: 0x1
[    1.030051]   Magic number: 0:871:894
[    1.038662] rtc_cmos rtc_cmos: setting system clock to 2024-11-24 16:53:53 UTC (1732467233)
[    1.058998] BIOS EDD facility v0.16 2004-Jun-25, 0 devices found
[    1.061983] EDD information not available.
[    1.066215] Freeing unused kernel image memory: 2480K
[    1.080644] Write protecting the kernel read-only data: 20480k
[    1.084007] Freeing unused kernel image memory: 2008K
[    1.086663] Freeing unused kernel image memory: 1820K
[    1.091946] x86/mm: Checked W+X mappings: passed, no W+X pages found.
Loading, please wait...
starting version 237
[    1.141609] e1000: Intel(R) PRO/1000 Network Driver - version 7.3.21-k8-NAPI
[    1.145112] e1000: Copyright (c) 1999-2006 Intel Corporation.
[    1.153601] Fusion MPT base driver 3.04.20
[    1.155785] Copyright (c) 1999-2008 LSI Corporation
[    1.173347] SSE version of gcm_enc/dec engaged.
[    1.179897] Fusion MPT SPI Host driver 3.04.20
[    1.389092] input: ImExPS/2 Generic Explorer Mouse as /devices/platform/i8042/serio1/input/input4
[    1.661384] e1000 0000:00:03.0 eth0: (PCI:33MHz:32-bit) 02:3b:7b:b7:3b:2d
[    1.663873] e1000 0000:00:03.0 eth0: Intel(R) PRO/1000 Network Connection
[    1.668562] mptbase: ioc0: Initiating bringup
[    2.195829] ioc0: LSI53C1030 A0: Capabilities={Initiator}
[    3.344316] scsi host2: ioc0: LSI53C1030 A0, FwRev=00000000h, Ports=1, MaxQ=256, IRQ=20
[    4.426249] scsi 2:0:0:0: Direct-Access     VBOX     HARDDISK         1.0  PQ: 0 ANSI: 5
[    4.580768] scsi target2:0:0: Beginning Domain Validation
[    4.592629] scsi target2:0:0: Domain Validation skipping write tests
[    4.597287] scsi target2:0:0: Ending Domain Validation
[    4.599544] scsi target2:0:0: asynchronous
[    4.602493] scsi 2:0:1:0: Direct-Access     VBOX     HARDDISK         1.0  PQ: 0 ANSI: 5
[    4.872554] scsi target2:0:1: Beginning Domain Validation
[    4.880936] scsi target2:0:1: Domain Validation skipping write tests
[    4.883633] scsi target2:0:1: Ending Domain Validation
[    4.885763] scsi target2:0:1: asynchronous
[    4.904478] sd 2:0:0:0: Attached scsi generic sg0 type 0
[    4.907927] sd 2:0:0:0: [sda] 83886080 512-byte logical blocks: (42.9 GB/40.0 GiB)
[    4.912250] sd 2:0:0:0: [sda] Write Protect is off
[    4.914713] e1000 0000:00:08.0 eth1: (PCI:33MHz:32-bit) 08:00:27:b5:34:f6
[    4.914853] sd 2:0:1:0: Attached scsi generic sg1 type 0
[    4.918483] e1000 0000:00:08.0 eth1: Intel(R) PRO/1000 Network Connection
[    4.922455] sd 2:0:0:0: [sda] Incomplete mode parameter data
[    4.928078] sd 2:0:0:0: [sda] Assuming drive cache: write through
[    4.931952] sd 2:0:1:0: [sdb] 20480 512-byte logical blocks: (10.5 MB/10.0 MiB)
[    4.935086]  sda: sda1
[    4.937323] sd 2:0:1:0: [sdb] Write Protect is off
[    4.940331] sd 2:0:1:0: [sdb] Incomplete mode parameter data
[    4.941072] sd 2:0:0:0: [sda] Attached SCSI disk
[    4.943461] sd 2:0:1:0: [sdb] Assuming drive cache: write through
[    4.953406] sd 2:0:1:0: [sdb] Attached SCSI disk
[    4.956904] e1000 0000:00:08.0 enp0s8: renamed from eth1
[    4.993657] e1000 0000:00:03.0 enp0s3: renamed from eth0
Begin: Loading essential drivers ... [    7.848560] raid6: sse2x1   gen() 21868 MB/s
[    7.896431] raid6: sse2x1   xor() 13840 MB/s
[    7.944375] raid6: sse2x2   gen() 25979 MB/s
[    7.992519] raid6: sse2x2   xor() 16025 MB/s
[    8.040474] raid6: sse2x4   gen() 28506 MB/s
[    8.088265] raid6: sse2x4   xor() 14345 MB/s
[    8.089934] raid6: using algorithm sse2x4 gen() 28506 MB/s
[    8.092088] raid6: .... xor() 14345 MB/s, rmw enabled
[    8.094039] raid6: using ssse3x2 recovery algorithm
[    8.097413] xor: measuring software checksum speed
[   13.345275]    prefetch64-sse: -354071.-592 MB/sec
[   13.441947]    generic_sse: 73380.000 MB/sec
[   13.444345] xor: using function: generic_sse (73380.000 MB/sec)
[   13.449328] async_tx: api initialized (async)
done.
Begin: Running /scripts/init-premount ... done.
Begin: Mounting root file system ... Begin: Running /scripts/local-top ... done.
Begin: Running /scripts/local-premount ... [   13.497730] Btrfs loaded, crc32c=crc32c-intel
Scanning for Btrfs filesystems
done.
Warning: fsck not present, so skipping root file system
[   13.534149] EXT4-fs (sda1): mounted filesystem with ordered data mode. Opts: (null)
done.
Begin: Running /scripts/local-bottom ... done.
Begin: Running /scripts/init-bottom ... done.
[   13.720263] ip_tables: (C) 2000-2006 Netfilter Core Team
[   13.734223] systemd[1]: systemd 237 running in system mode. (+PAM +AUDIT +SELINUX +IMA +APPARMOR +SMACK +SYSVINIT +UTMP +LIBCRYPTSETUP +GCRYPT +GNUTLS +ACL +XZ +LZ4 +SECCOMP +BLKID +ELFUTILS +KMOD -IDN2 +IDN -PCRE2 default-hierarchy=hybrid)
[   13.744510] systemd[1]: Detected virtualization oracle.
[   13.746566] systemd[1]: Detected architecture x86-64.

Welcome to [1mUbuntu 18.04.6 LTS[0m!

[   13.768846] systemd[1]: Set hostname to <ubuntu>.
[   13.773949] systemd[1]: Initializing machine ID from random generator.
[   13.776725] systemd[1]: Installed transient /etc/machine-id file.
[   14.003287] systemd[1]: Reached target Mounting snaps.
[[0;32m  OK  [0m] Reached target Mounting snaps.
[   14.020204] systemd[1]: Reached target Swap.
[[0;32m  OK  [0m] Reached target Swap.
[   14.023548] systemd[1]: Reached target User and Group Name Lookups.
[[0;32m  OK  [0m] Reached target User and Group Name Lookups.
[   14.027379] systemd[1]: Reached target System Time Synchronized.
[[0;32m  OK  [0m] Reached target System Time Synchronized.
[[0;32m  OK  [0m] Started Forward Password Requests to Wall Directory Watch.
[[0;32m  OK  [0m] Reached target Mounted snaps.
[[0;32m  OK  [0m] Created slice System Slice.
[[0;32m  OK  [0m] Listening on Journal Audit Socket.
[[0;32m  OK  [0m] Listening on Journal Socket (/dev/log).
[[0;32m  OK  [0m] Listening on udev Control Socket.
[[0;32m  OK  [0m] Created slice system-serial\x2dgetty.slice.
[[0;32m  OK  [0m] Listening on LVM2 metadata daemon socket.
[[0;32m  OK  [0m] Set up automount Arbitrary Executabâ€¦rmats File System Automount Point.
[[0;32m  OK  [0m] Listening on fsck to fsckd communication Socket.
[[0;32m  OK  [0m] Listening on Network Service Netlink Socket.
[[0;32m  OK  [0m] Listening on Journal Socket.
         Starting Set the console keyboard layout...
         Mounting Kernel Debug File System...
         Starting Create list of required stâ€¦ce nodes for the current kernel...
         Starting Uncomplicated firewall...
         Starting File System Check on Root Device...
[[0;32m  OK  [0m] Listening on Device-mapper event daemon FIFOs.
         Starting Monitoring of LVM2 mirrorsâ€¦ng dmeventd or progress polling...
[[0;32m  OK  [0m] Listening on udev Kernel Socket.
         Starting udev Coldplug all Devices...
[[0;32m  OK  [0m] Listening on /dev/initctl Compatibility Named Pipe.
[[0;32m  OK  [0m] Created slice User and Session Slice.
[[0;32m  OK  [0m] Reached target Slices.
         Mounting POSIX Message Queue File System...
         Mounting Huge Pages File System...
         Starting Load Kernel Modules...
[[0;32m  OK  [0m] Listening on Syslog Socket.
         Starting Journal Service...
[[0;32m  OK  [0m] Listening on LVM2 poll daemon socket.
[[0;32m  OK  [0m] Started Create list of required staâ€¦vice nodes for the current kernel.
[[0;32m  OK  [0m] Started Uncomplicated firewall.
[[0;32m  OK  [0m] Started LVM2 metadata daemon.
[   14.234901] Loading iSCSI transport class v2.0-870.
[[0;32m  OK  [0m] Started File System Check Daemon to report status.
         Starting Create Static Device Nodes in /dev...
[[0;32m  OK  [0m] Mounted Kernel Debug File System.
[[0;32m  OK  [0m] Mounted POSIX Message Queue File System.
[[0;32m  OK  [0m] Mounted Huge Pages File System.
[[0;32m  OK  [0m] Started udev Coldplug all Devices.
[[0;32m  OK  [0m] Started File System Check on Root Device.
         Starting Remount Root and Kernel File Systems...
[[0;32m  OK  [0m] Started Journal Service.
[   14.291070] iscsi: registered transport (tcp)
[   14.313268] iscsi: registered transport (iser)
[[0;32m  OK  [0m] Started Load Kernel Modules.
         Mounting Kernel Configuration File System...
         Starting Apply Kernel Variables...
         Mounting FUSE Control File System...
[[0;32m  OK  [0m] Mounted Kernel Configuration File System.
[[0;32m  OK  [0m] Mounted FUSE Control File System.
[[0;32m  OK  [0m] Started Create Static Device Nodes in /dev.
[[0;32m  OK  [0m] Started Remount Root and Kernel File Systems.
         Starting Load/Save Random Seed...
         Starting Flush Journal to Persistent Storage...
         Starting udev Kernel Device Manager...
[[0;32m  OK  [0m] Started Monitoring of LVM2 mirrors,â€¦sing dmeventd or progress polling.
[[0;32m  OK  [0m] Started Apply Kernel Variables.
[[0;32m  OK  [0m] Started Load/Save Random Seed.
[[0;32m  OK  [0m] Started udev Kernel Device Manager.
[[0;32m  OK  [0m] Started Flush Journal to Persistent Storage.
[[0;32m  OK  [0m] Found device /dev/ttyS0.
[[0;32m  OK  [0m] Listening on Load/Save RF Kill Switch Status /dev/rfkill Watch.
         Mounting Arbitrary Executable File Formats File System...
[[0;32m  OK  [0m] Mounted Arbitrary Executable File Formats File System.
[[0;32m  OK  [0m] Started Set the console keyboard layout.
[[0;32m  OK  [0m] Started Dispatch Password Requests to Console Directory Watch.
[[0;32m  OK  [0m] Reached target Local Encrypted Volumes.
[[0;32m  OK  [0m] Reached target Local File Systems (Pre).
[[0;32m  OK  [0m] Reached target Local File Systems.
         Starting ebtables ruleset management...
         Starting AppArmor initialization...
         Starting Commit a transient machine-id on disk...
         Starting Create Volatile Files and Directories...
         Starting Tell Plymouth To Write Out Runtime Data...
         Starting Set console font and keymap...
[[0;32m  OK  [0m] Started Tell Plymouth To Write Out Runtime Data.
[[0;32m  OK  [0m] Started Create Volatile Files and Directories.
         Starting Update UTMP about System Boot/Shutdown...
[[0;32m  OK  [0m] Started Update UTMP about System Boot/Shutdown.
[[0;32m  OK  [0m] Started Commit a transient machine-id on disk.
[[0;32m  OK  [0m] Started ebtables ruleset management.
[[0;32m  OK  [0m] Started AppArmor initialization.
         Starting Initial cloud-init job (pre-networking)...
         Starting Load AppArmor profiles managed internally by snapd...
[[0;32m  OK  [0m] Started Load AppArmor profiles managed internally by snapd.
[[0;32m  OK  [0m] Started Set console font and keymap.
[   16.749085] cloud-init[788]: Cloud-init v. 23.1.2-0ubuntu0~18.04.1 running 'init-local' at Sun, 24 Nov 2024 16:54:08 +0000. Up 16.50 seconds.
[[0;32m  OK  [0m] Started Initial cloud-init job (pre-networking).
[[0;32m  OK  [0m] Reached target Network (Pre).
         Starting Network Service...
[[0;32m  OK  [0m] Started Network Service.
         Starting Wait for Network to be Configured...
         Starting Network Name Resolution...
[[0;32m  OK  [0m] Started Network Name Resolution.
[[0;32m  OK  [0m] Reached target Host and Network Name Lookups.
[[0;32m  OK  [0m] Reached target Network.
[[0;32m  OK  [0m] Started Wait for Network to be Configured.
         Starting Initial cloud-init job (metadata service crawler)...
[   19.251922] cloud-init[958]: Cloud-init v. 23.1.2-0ubuntu0~18.04.1 running 'init' at Sun, 24 Nov 2024 16:54:11 +0000. Up 19.16 seconds.
[   19.254464] cloud-init[958]: ci-info: ++++++++++++++++++++++++++++++++++++++Net device info+++++++++++++++++++++++++++++++++++++++
[   19.256716] cloud-init[958]: ci-info: +--------+-------+----------------------------+---------------+--------+-------------------+
[   19.258808] cloud-init[958]: ci-info: | Device |   Up  |          Address           |      Mask     | Scope  |     Hw-Address    |
[   19.261116] cloud-init[958]: ci-info: +--------+-------+----------------------------+---------------+--------+-------------------+
[   19.277961] cloud-init[958]: ci-info: | enp0s3 |  True |         10.0.2.15          | 255.255.255.0 | global | 02:3b:7b:b7:3b:2d |
[   19.280270] cloud-init[958]: ci-info: | enp0s3 |  True | fd00::3b:7bff:feb7:3b2d/64 |       .       | global | 02:3b:7b:b7:3b:2d |
[   19.282382] cloud-init[958]: ci-info: | enp0s3 |  True | fe80::3b:7bff:feb7:3b2d/64 |       .       |  link  | 02:3b:7b:b7:3b:2d |
[   19.285437] cloud-init[958]: ci-info: | enp0s8 | False |             .              |       .       |   .    | 08:00:27:b5:34:f6 |
[   19.297352] cloud-init[958]: ci-info: |   lo   |  True |         127.0.0.1          |   255.0.0.0   |  host  |         .         |
[   19.299682] cloud-init[958]: ci-info: |   lo   |  True |          ::1/128           |       .       |  host  |         .         |
[   19.303539] cloud-init[958]: ci-info: +--------+-------+----------------------------+---------------+--------+-------------------+
[   19.305656] cloud-init[958]: ci-info: ++++++++++++++++++++++++++++Route IPv4 info+++++++++++++++++++++++++++++
[   19.307461] cloud-init[958]: ci-info: +-------+-------------+----------+-----------------+-----------+-------+
[   19.309290] cloud-init[958]: ci-info: | Route | Destination | Gateway  |     Genmask     | Interface | Flags |
[   19.311009] cloud-init[958]: ci-info: +-------+-------------+----------+-----------------+-----------+-------+
[   19.313291] cloud-init[958]: ci-info: |   0   |   0.0.0.0   | 10.0.2.2 |     0.0.0.0     |   enp0s3  |   UG  |
[   19.325132] cloud-init[958]: ci-info: |   1   |   10.0.2.0  | 0.0.0.0  |  255.255.255.0  |   enp0s3  |   U   |
[   19.326988] cloud-init[958]: ci-info: |   2   |   10.0.2.2  | 0.0.0.0  | 255.255.255.255 |   enp0s3  |   UH  |
[   19.328910] cloud-init[958]: ci-info: +-------+-------------+----------+-----------------+-----------+-------+
[   19.330925] cloud-init[958]: ci-info: +++++++++++++++++++Route IPv6 info+++++++++++++++++++
[   19.333073] cloud-init[958]: ci-info: +-------+-------------+---------+-----------+-------+
[   19.335004] cloud-init[958]: ci-info: | Route | Destination | Gateway | Interface | Flags |
[   19.336517] cloud-init[958]: ci-info: +-------+-------------+---------+-----------+-------+
[   19.337991] cloud-init[958]: ci-info: |   1   |  fd00::/64  |    ::   |   enp0s3  |   U   |
[   19.340476] cloud-init[958]: ci-info: |   2   |  fe80::/64  |    ::   |   enp0s3  |   U   |
[   19.356824] cloud-init[958]: ci-info: |   3   |     ::/0    | fe80::2 |   enp0s3  |   UG  |
[   19.359838] cloud-init[958]: ci-info: |   5   |    local    |    ::   |   enp0s3  |   U   |
[   19.372239] cloud-init[958]: ci-info: |   6   |   ff00::/8  |    ::   |   enp0s3  |   U   |
[   19.374751] cloud-init[958]: ci-info: +-------+-------------+---------+-----------+-------+
[   20.038965] cloud-init[958]: Generating public/private rsa key pair.
[   20.052363] cloud-init[958]: Your identification has been saved in /etc/ssh/ssh_host_rsa_key.
[   20.056020] cloud-init[958]: Your public key has been saved in /etc/ssh/ssh_host_rsa_key.pub.
[   20.059250] cloud-init[958]: The key fingerprint is:
[   20.061631] cloud-init[958]: SHA256:nnbz8IC16M2lOb1NY2jL548ieN6+j276JnR9T3T6Vk4 root@ubuntu-bionic
[   20.065885] cloud-init[958]: The key's randomart image is:
[   20.068425] cloud-init[958]: +---[RSA 2048]----+
[   20.071305] cloud-init[958]: |                 |
[   20.074421] cloud-init[958]: |                 |
[   20.077312] cloud-init[958]: |                 |
[[0;32m  OK  [0m[   20.096664] cloud-init[958]: |                o|
[   20.097206] cloud-init[958]: |        S .  . o.|
[   20.097226] cloud-init[958]: |       . =....o E|
[   20.097542] cloud-init[958]: |        *o*o+ +*o|
[   20.097740] cloud-init[958]: |       o.+=&=*.o=|
[   20.097954] cloud-init[958]: |        .oB@&B=o.|
[   20.097968] cloud-init[958]: +----[SHA256]-----+
[   20.097981] cloud-init[958]: Generating public/private dsa key pair.
[   20.097995] cloud-init[958]: Your identification has been saved in /etc/ssh/ssh_host_dsa_key.
[   20.098009] cloud-init[958]: Your public key has been saved in /etc/ssh/ssh_host_dsa_key.pub.
[   20.098320] cloud-init[958]: The key fingerprint is:
[   20.098527] cloud-init[958]: SHA256:LEdTpMtf9pmOIKYKtFDlcMrSKWQ41827AJhWBdBzT/g root@ubuntu-bionic
[   20.098735] cloud-init[958]: The key's randomart image is:
[   20.098951] cloud-init[958]: +---[DSA 1024]----+
[   20.100561] cloud-init[958]: |.*=+=+.  .o      |
[   20.100699] cloud-init[958]: |B+oX.oo. o       |
[   20.100713] cloud-init[958]: |+o*.+ +.+        |
[   20.100727] cloud-init[958]: | +  . .E o       |
[   20.100740] cloud-init[958]: |. .  ...S   o    |
[   20.100978] cloud-init[958]: | o .  .o . o . o |
[   20.101005] cloud-init[958]: |  o     o o   +  |
[   20.101017] cloud-init[958]: |   .   o . . o   |
[   20.101313] cloud-init[958]: |    ...     . .  |
[   20.101332] cloud-init[958]: +----[SHA256]-----+
[   20.101347] cloud-init[958]: Generating public/private ecdsa key pair.
[   20.101362] cloud-init[958]: Your identification has been saved in /etc/ssh/ssh_host_ecdsa_key.
[   20.101630] cloud-init[958]: Your public key has been saved in /etc/ssh/ssh_host_ecdsa_key.pub.
[   20.101855] cloud-init[958]: The key fingerprint is:
[   20.101870] cloud-init[958]: SHA256:vbaXkVSNNNCrmgnsB7mG2hS0OlegdTU7/DiUieDzF6Q root@ubuntu-bionic
[   20.101885] cloud-init[958]: The key's randomart image is:
[   20.101901] cloud-init[958]: +---[ECDSA 256]---+
[   20.101916] cloud-init[958]: |      .   + .+oo |
[   20.102131] cloud-init[958]: |     . . * =  +..|
[   20.102334] cloud-init[958]: |      * E O  . . |
[   20.102542] cloud-init[958]: |     + * o =. .  |
[   20.102754] cloud-init[958]: |    . o.S.=..o   |
[   20.102781] cloud-init[958]: |     . o=. o+    |
[   20.102804] cloud-init[958]: |    o oo +o+ o   |
[   20.103019] cloud-init[958]: |     =. +.=.o    |
[   20.103225] cloud-init[958]: |    .... ...     |
[   20.103446] cloud-init[958]: +----[SHA256]-----+
[   20.103644] cloud-init[958]: Generating public/private ed25519 key pair.
[   20.103842] cloud-init[958]: Your identification has been saved in /etc/ssh/ssh_host_ed25519_key.
[   20.103859] cloud-init[958]: Your public key has been saved in /etc/ssh/ssh_host_ed25519_key.pub.
[   20.103872] cloud-init[958]: The key fingerprint is:
[   20.103884] cloud-init[958]: SHA256:QxqmVp3WmuNVgxLRQ4xJiRCUFRMiIZadm1ZfjkZ8bPw root@ubuntu-bionic
[   20.103899] cloud-init[958]: The key's randomart image is:
[   20.103915] cloud-init[958]: +--[ED25519 256]--+
[   20.103928] cloud-init[958]: |..=o*=*=*O.      |
[   20.103943] cloud-init[958]: |.o +.o.=+X+.     |
[   20.103955] cloud-init[958]: |    + * % +.o    |
[   20.103968] cloud-init[958]: |   + + O = E .   |
[   20.104458] cloud-init[958]: |  . o o S .      |
[   20.104650] cloud-init[958]: |   .   . +       |
[   20.104890] cloud-init[958]: |        .        |
[   20.105094] cloud-init[958]: |                 |
[   20.105317] cloud-init[958]: |                 |
[   20.105504] cloud-init[958]: +----[SHA256]-----+
] Started Initial cloud-init job (metadata service crawler).
[[0;32m  OK  [0m] Reached target Network is Online.
[[0;32m  OK  [0m] Reached target Remote File Systems (Pre).
[[0;32m  OK  [0m] Reached target Remote File Systems.
         Starting Availability of block devices...
[[0;32m  OK  [0m] Reached target Cloud-config availability.
[[0;32m  OK  [0m] Reached target System Initialization.
[[0;32m  OK  [0m] Listening on Open-iSCSI iscsid Socket.
[[0;32m  OK  [0m] Started Discard unused blocks once a week.
[[0;32m  OK  [0m] Started Ubuntu Advantage Timer for running repeated jobs.
[[0;32m  OK  [0m] Started Daily apt download activities.
[[0;32m  OK  [0m] Started Daily apt upgrade and clean activities.
[[0;32m  OK  [0m] Started ACPI Events Check.
         Starting LXD - unix socket.
[[0;32m  OK  [0m] Started Daily Cleanup of Temporary Directories.
[[0;32m  OK  [0m] Started Message of the Day.
[[0;32m  OK  [0m] Reached target Timers.
[[0;32m  OK  [0m] Reached target Paths.
[[0;32m  OK  [0m] Listening on UUID daemon activation socket.
[[0;32m  OK  [0m] Listening on cloud-init hotplug hook socket.
[[0;32m  OK  [0m] Listening on D-Bus System Message Bus Socket.
         Starting Socket activation for snappy daemon.
[[0;32m  OK  [0m] Listening on ACPID Listen Socket.
[[0;32m  OK  [0m] Started Availability of block devices.
[[0;32m  OK  [0m] Listening on LXD - unix socket.
[[0;32m  OK  [0m] Listening on Socket activation for snappy daemon.
[[0;32m  OK  [0m] Reached target Sockets.
[[0;32m  OK  [0m] Reached target Basic System.
         Starting LSB: Record successful boot for GRUB...
         Starting Dispatcher daemon for systemd-networkd...
         Starting Login Service...
         Starting Pollinate to seed the pseudo random number generator...
[[0;32m  OK  [0m] Started irqbalance daemon.
[[0;32m  OK  [0m] Reached target Login Prompts (Pre).
[[0;32m  OK  [0m] Started Regular background program processing daemon.
         Starting Virtualbox guest utils...
[[0;32m  OK  [0m] Started Deferred execution scheduler.
         Starting System Logging Service...
         Starting Accounts Service...
         Starting Snap Daemon...
[[0;32m  OK  [0m] Started D-Bus System Message Bus.
         Starting LSB: automatic crash report generation...
[[0;32m  OK  [0m] Started FUSE filesystem for LXC.
         Starting Permit User Sessions...
         Starting LXD - container startup/shutdown...
[[0;32m  OK  [0m] Started System Logging Service.
[[0;32m  OK  [0m] Started Login Service.
[[0;32m  OK  [0m] Started Permit User Sessions.
         Starting Terminate Plymouth Boot Screen...
         Starting Hold until boot process finishes up...
         Starting Hostname Service...
[[0;32m  OK  [0m] Started Unattended Upgrades Shutdown.
[[0;32m  OK  [0m] Started Terminate Plymouth Boot Screen.
[[0;32m  OK  [0m] Started Hold until boot process finishes up.
[[0;32m  OK  [0m] Started Serial Getty on ttyS0.
         Starting Set console scheme...
         Starting Authorization Manager...
[[0;32m  OK  [0m] Started Dispatcher daemon for systemd-networkd.
[[0;32m  OK  [0m] Started LSB: automatic crash report generation.
[[0;32m  OK  [0m] Started Set console scheme.
[[0;32m  OK  [0m] Created slice system-getty.slice.
[[0;32m  OK  [0m] Started Getty on tty1.
[[0;32m  OK  [0m] Reached target Login Prompts.
[[0;32m  OK  [0m] Started LSB: Record successful boot for GRUB.
[[0;32m  OK  [0m] Started Authorization Manager.
[[0;32m  OK  [0m] Started Accounts Service.
[[0;32m  OK  [0m] Started Hostname Service.
[[0;32m  OK  [0m] Started LXD - container startup/shutdown.
[[0;32m  OK  [0m] Started Virtualbox guest utils.
[[0;32m  OK  [0m] Started Snap Daemon.
         Starting Wait until snapd is fully seeded...
[[0;32m  OK  [0m] Started Pollinate to seed the pseudo random number generator.
         Starting OpenBSD Secure Shell server...
[[0;32m  OK  [0m] Started OpenBSD Secure Shell server.
[[0;32m  OK  [0m] Created slice User Slice of vagrant.
         Starting User Manager for UID 1000...
[[0;32m  OK  [0m] Started Session 1 of user vagrant.
[[0;32m  OK  [0m] Started User Manager for UID 1000.
         Starting Time & Date Service...
[[0;32m  OK  [0m] Started Time & Date Service.
[[0;32m  OK  [0m] Started Wait until snapd is fully seeded.
         Starting Apply the settings specified in cloud-config...
[   22.915316] cloud-init[1570]: Cloud-init v. 23.1.2-0ubuntu0~18.04.1 running 'modules:config' at Sun, 24 Nov 2024 16:54:14 +0000. Up 22.43 seconds.
[[0;32m  OK  [0m] Started Apply the settings specified in cloud-config.
[[0;32m  OK  [0m] Reached target Multi-User System.
[[0;32m  OK  [0m] Reached target Graphical Interface.
         Starting Update UTMP about System Runlevel Changes...
         Starting Execute cloud user/final scripts...
[[0;32m  OK  [0m] Started Update UTMP about System Runlevel Changes.
ci-info: no authorized SSH keys fingerprints found for user ubuntu.
<14>Nov 24 16:54:15 cloud-init: #############################################################
<14>Nov 24 16:54:15 cloud-init: -----BEGIN SSH HOST KEY FINGERPRINTS-----
<14>Nov 24 16:54:15 cloud-init: 1024 SHA256:LEdTpMtf9pmOIKYKtFDlcMrSKWQ41827AJhWBdBzT/g root@ubuntu-bionic (DSA)
<14>Nov 24 16:54:15 cloud-init: 256 SHA256:vbaXkVSNNNCrmgnsB7mG2hS0OlegdTU7/DiUieDzF6Q root@ubuntu-bionic (ECDSA)
<14>Nov 24 16:54:15 cloud-init: 256 SHA256:QxqmVp3WmuNVgxLRQ4xJiRCUFRMiIZadm1ZfjkZ8bPw root@ubuntu-bionic (ED25519)
<14>Nov 24 16:54:15 cloud-init: 2048 SHA256:nnbz8IC16M2lOb1NY2jL548ieN6+j276JnR9T3T6Vk4 root@ubuntu-bionic (RSA)
<14>Nov 24 16:54:15 cloud-init: -----END SSH HOST KEY FINGERPRINTS-----
<14>Nov 24 16:54:15 cloud-init: #############################################################
-----BEGIN SSH HOST KEY KEYS-----
ecdsa-sha2-nistp256 AAAAE2VjZHNhLXNoYTItbmlzdHAyNTYAAAAIbmlzdHAyNTYAAABBBL1NfciCeceAxT8F1vrF9Ff1puSaphYbxRLcJzr/2kp0JcxgglP5GnODMjmkQtDXmpIvv7MJ8BUyMAIaK1Ew1do= root@ubuntu-bionic
ssh-ed25519 AAAAC3NzaC1lZDI1NTE5AAAAINqdi063eHiPzPwSbYZl3SONaUn50d24z10z+JbCCnKQ root@ubuntu-bionic
ssh-rsa AAAAB3NzaC1yc2EAAAADAQABAAABAQDEXMSNG1ED0Aln6wgAm7trr/S/7QAepwbzoOJP7piyJBqZR8EjntBimmr4xr0HM/8Np5RAhOjjJ5jUBJ1wkefieGxVHPkA/y4+2IqiXuIvATAZ8T0n3TxvQ0jPjCkosWuhxhIbt1fUKNFQn3zWbmMIcJW9W15SG1elTn25wukfLG22iuRYA7OdHVhVcgv9tLK839TugwVmOXldLrvc4hvTS8wybqbAzubwlxpK5s5TWbJKgWz48G4MzxXqmdS6SOceOeJuGPbyFuhJgx5P06EqDssxaVQ8+K2GcD+HuwDhWKZOBEwmSJPyYrnV7Nrfms4q7QUhC/jj/Vc8YcC73NgT root@ubuntu-bionic
-----END SSH HOST KEY KEYS-----
[   23.472183] cloud-init[1646]: Cloud-init v. 23.1.2-0ubuntu0~18.04.1 running 'modules:final' at Sun, 24 Nov 2024 16:54:15 +0000. Up 23.32 seconds.
[   23.479321] cloud-init[1646]: Cloud-init v. 23.1.2-0ubuntu0~18.04.1 finished at Sun, 24 Nov 2024 16:54:15 +0000. Datasource DataSourceNoCloud [seed=/dev/sdb][dsmode=net].  Up 23.46 seconds
[[0;32m  OK  [0m] Started Execute cloud user/final scripts.
[[0;32m  OK  [0m] Reached target Cloud-init target.

Ubuntu 18.04.6 LTS ubuntu-bionic ttyS0

ubuntu-bionic login: [ 8777.092881] watchdog: BUG: soft lockup - CPU#1 stuck for 2738s! [apport:12031]
[ 8777.097101] INFO: rcu_sched self-detected stall on CPU
[ 8777.108265] 	0-...!: (1 ticks this GP) idle=642/140000000000001/0 softirq=56764/56764 fqs=0 
[ 8777.122951] 	 (t=185530 jiffies g=21068 c=21067 q=42)
[ 8777.128173] rcu_sched kthread starved for 185530 jiffies! g21068 c21067 f0x0 RCU_GP_WAIT_FQS(3) ->state=0x402 ->cpu=1
[ 8777.138035] INFO: rcu_sched detected stalls on CPUs/tasks:
[ 8777.138083] INFO: rcu_sched self-detected stall on CPU
[ 8777.148786] 	0-...!: (2 ticks this GP) idle=642/140000000000001/0 softirq=56764/56764 fqs=0 
[ 8777.163081] 	(detected by 1, t=735296 jiffies, g=21068, c=21067, q=42)
[ 8777.163123] 	0-...!: (2 ticks this GP) idle=642/140000000000001/0 softirq=56764/56764 fqs=0 
[ 8777.176594] 	 (t=735296 jiffies g=21068 c=21067 q=42)
[ 8777.182406] rcu_sched kthread starved for 735296 jiffies! g21068 c21067 f0x0 RCU_GP_WAIT_FQS(3) ->state=0x200 ->cpu=1
[ 8777.190267] rcu_sched kthread starved for 735296 jiffies! g21068 c21067 f0x0 RCU_GP_WAIT_FQS(3) ->state=0x200 ->cpu=1
[ 9047.756329] INFO: rcu_sched self-detected stall on CPU
[ 9047.756893] INFO: rcu_sched detected stalls on CPUs/tasks:
[ 9047.788450] 	0-...!: (1 ticks this GP) idle=642/140000000000001/0 softirq=56814/56819 fqs=0 
[ 9047.810959] 	 (t=67556 jiffies g=21079 c=21078 q=137)
[ 9047.811099] 	0-...!: (1 ticks this GP) idle=642/140000000000001/0 softirq=56814/56819 fqs=0 
[ 9047.814825] rcu_sched kthread starved for 67556 jiffies! g21079 c21078 f0x0 RCU_GP_WAIT_FQS(3) ->state=0x402 ->cpu=1
[ 9047.820765] 	(detected by 1, t=67556 jiffies, g=21079, c=21078, q=137)
[ 9047.842732] rcu_sched kthread starved for 67556 jiffies! g21079 c21078 f0x0 RCU_GP_WAIT_FQS(3) ->state=0x200 ->cpu=1
[11850.157993] INFO: rcu_sched self-detected stall on CPU
[11850.158228] INFO: rcu_sched self-detected stall on CPU
[11850.161997] 	0-...!: (1 GPs behind) idle=642/140000000000001/0 softirq=56830/56831 fqs=0 
[11850.171122] 	 (t=151156 jiffies g=21083 c=21082 q=784)
[11850.171214] 	1-...!: (1 ticks this GP) idle=1c2/140000000000001/0 softirq=54610/54610 fqs=0 
[11850.174605] rcu_sched kthread starved for 151156 jiffies! g21083 c21082 f0x0 RCU_GP_WAIT_FQS(3) ->state=0x402 ->cpu=1
[11850.180528] 	 (t=151156 jiffies g=21083 c=21082 q=784)
[11850.198825] INFO: rcu_sched self-detected stall on CPU
[11850.202640] rcu_sched kthread starved for 700922 jiffies! g21083 c21082 f0x0 RCU_GP_WAIT_FQS(3) ->state=0x200 ->cpu=1
[11850.206522] 	0-...!: (1 GPs behind) idle=642/140000000000001/0 softirq=56830/56831 fqs=0 
[11850.226118] 	
[11850.226126] rcu_sched kthread starved for 700922 jiffies! g21083 c21082 f0x0 RCU_GP_WAIT_FQS(3) ->state=0x200 ->cpu=1
